// Jest Snapshot v1, https://goo.gl/fbAQLP

exports[`Card should render a single card component 1`] = `
<DocumentFragment>
  <div
    class="styles__StyledCardWrapper-sc-17jwwg1-0 dMZVdf"
  >
    <div
      class="styles__StyledCardImageWrapper-sc-17jwwg1-1 dVWWhz"
    >
      <div
        style="display: block; overflow: hidden; position: relative; box-sizing: border-box; margin: 0px;"
      >
        <div
          style="display: block; box-sizing: border-box; padding-top: 100%;"
        />
        <img
          alt="mockName"
          decoding="async"
          src="data:image/gif;base64,R0lGODlhAQABAIAAAAAAAP///yH5BAEAAAAALAAAAAABAAEAAAIBRAA7"
          style="visibility: hidden; position: absolute; top: 0px; left: 0px; bottom: 0px; right: 0px; box-sizing: border-box; padding: 0px; margin: auto; display: block; width: 0px; height: 0px; min-width: 100%; max-width: 100%; min-height: 100%; max-height: 100%;"
        />
      </div>
    </div>
    <ul>
      <li>
        <span>
          Name:
        </span>
         mockName
      </li>
      <li>
        <span>
          Gender:
        </span>
        mockGender
      </li>
      <li>
        <span>
          Species: 
        </span>
        mockSpecies
      </li>
    </ul>
    <div
      class="styles__StyledCardLinkWrapper-sc-17jwwg1-2 bsPihN"
    >
      <a
        class="styles__StyledLink-sc-17jwwg1-3 llTTzT"
        href="/character/111"
      >
        View Profile
      </a>
    </div>
  </div>
</DocumentFragment>
`;
