// Jest Snapshot v1, https://goo.gl/fbAQLP

exports[`ProfileImage should render a ProfileImage 1`] = `
<DocumentFragment>
  <div
    class="styles__StyledPortfolioWrapper-abrk26-0 krggJI"
  >
    <div
      style="display: block; overflow: hidden; position: relative; box-sizing: border-box; margin: 0px;"
    >
      <div
        style="display: block; box-sizing: border-box; padding-top: 100%;"
      />
      <img
        alt="mockImageName"
        decoding="async"
        src="data:image/gif;base64,R0lGODlhAQABAIAAAAAAAP///yH5BAEAAAAALAAAAAABAAEAAAIBRAA7"
        style="visibility: hidden; position: absolute; top: 0px; left: 0px; bottom: 0px; right: 0px; box-sizing: border-box; padding: 0px; margin: auto; display: block; width: 0px; height: 0px; min-width: 100%; max-width: 100%; min-height: 100%; max-height: 100%;"
      />
    </div>
  </div>
</DocumentFragment>
`;
